
> react-example@0.0.0 build
> vite build

[36mvite v6.4.1 [32mbuilding for production...[36m[39m
transforming...
[32mÔ£ô[39m 2 modules transformed.
node.exe : [33m
Au caractère Ligne:1 : 1
+ & "C:\Program 
Files\nodejs/node.exe" 
"C:\Program 
Files\nodejs/node_mo ...
+ ~~~~~~~~~~~~~~~~~~~~~~~~~~
~~~~~~~~~~~~~~~~~~~~~~~~~~~~
~~~~~~~~~~~~~~~
    + CategoryInfo          
    : NotSpecified: ([33m  
  :String) [], RemoteExce   
 ption
    + FullyQualifiedErrorId 
    : NativeCommandError
 
[1m(!)[22m The public 
directory feature may not 
work correctly. outDir [37m
[2mC:\Users\Zbook\Desktop\p
izza la pallice app\import 
ai studio\dist[22m[33m 
and publicDir [37m[2mC:/Us
ers/Zbook/Desktop/pizza la 
pallice app/import ai 
studio[22m[33m are not 
separate folders.
[39m
rendering chunks...
computing gzip size...
[2mdist/[22m[32mindex.html                [39m[1m[2m0.39 kB[22m[1m[22m[2m Ôöé gzip: 0.26 kB[22m
[2mdist/[22m[36massets/index-B5Qt9EMX.js  [39m[1m[2m0.71 kB[22m[1m[22m[2m Ôöé gzip: 0.40 kB[22m
[32mÔ£ô built in 18.98s[39m
